../Core/Src/fpga_spi.c:13:13:CS_Low	8	static
../Core/Src/fpga_spi.c:17:13:CS_High	8	static
../Core/Src/fpga_spi.c:21:19:FPGA_SPI_Init	40	static
../Core/Src/fpga_spi.c:48:19:FPGA_SendCommand	24	static
../Core/Src/fpga_spi.c:75:19:FPGA_ReadData	24	static
../Core/Src/fpga_spi.c:98:19:FPGA_ClearScreen	24	static
../Core/Src/fpga_spi.c:103:19:FPGA_DrawPixel	24	static
../Core/Src/fpga_spi.c:118:19:FPGA_DrawLine	40	static
../Core/Src/fpga_spi.c:141:19:FPGA_DrawRect	40	static
../Core/Src/fpga_spi.c:160:19:FPGA_DrawTriangle	40	static
../Core/Src/fpga_spi.c:186:19:FPGA_DrawCube	48	static
../Core/Src/fpga_spi.c:209:19:FPGA_SetCamera	32	static
../Core/Src/fpga_spi.c:235:19:FPGA_SwapBuffers	8	static
../Core/Src/fpga_spi.c:239:19:FPGA_GetStatus	24	static
../Core/Src/fpga_spi.c:253:19:FPGA_Reset	8	static
