../Core/Src/main.c:28:5:main	16	static
../Core/Src/main.c:76:6:HAL_UART_RxCpltCallback	16	static
../Core/Src/main.c:86:6:UART_Printf	272	static
../Core/Src/main.c:101:13:MX_USART1_UART_Init	8	static
../Core/Src/main.c:119:6:SystemClock_Config	128	static
../Core/Src/main.c:154:13:SystemPower_Config	8	static
../Core/Src/main.c:162:13:MX_ICACHE_Init	8	static
../Core/Src/main.c:174:13:MX_SPI1_Init	48	static
../Core/Src/main.c:229:13:MX_GPIO_Init	16	static
../Core/Src/main.c:234:6:Error_Handler	8	static,ignoring_inline_asm
