../Core/Src/main.c:41:5:main	16	static
../Core/Src/main.c:132:6:BSP_PB_Callback	16	static
../Core/Src/main.c:162:6:Test_SPI_Loopback	56	static
../Core/Src/main.c:214:6:Test_SPI_Basic	24	static
../Core/Src/main.c:249:6:Test_FPGA_Commands	48	static
../Core/Src/main.c:321:13:MX_USART1_UART_Init	8	static
../Core/Src/main.c:340:6:UART_Printf	272	static
../Core/Src/main.c:352:6:HAL_UART_RxCpltCallback	16	static
../Core/Src/main.c:401:6:SystemClock_Config	128	static
../Core/Src/main.c:446:13:SystemPower_Config	8	static
../Core/Src/main.c:465:13:MX_ICACHE_Init	8	static
../Core/Src/main.c:497:13:MX_SPI1_Init	24	static
../Core/Src/main.c:554:13:MX_GPIO_Init	16	static
../Core/Src/main.c:576:6:Error_Handler	4	static,ignoring_inline_asm
